# AddonComponents grafana component is disabled.

---
# AddonComponents istiocoredns component is disabled.

---
# AddonComponents kiali component is disabled.

---
# AddonComponents prometheus component is disabled.

---
# AddonComponents istio-tracing component is disabled.

# Base component is disabled.

# Citadel component is disabled.

# Cni component is disabled.

# EgressGateways istio-egressgateway component is disabled.

# Galley component is disabled.

# Pilot istiod component is disabled.

# Policy component is disabled.

# Telemetry component is disabled.

