# AddonComponents grafana component is disabled.

---
# AddonComponents istiocoredns component is disabled.

---
# AddonComponents kiali component is disabled.

---
# Resources for AddonComponents prometheus component

apiVersion: rbac.authorization.k8s.io/v1
kind: ClusterRole
metadata:
  name: prometheus-istio-system
  labels:
    app: prometheus
    release: istio
rules:
- apiGroups: [""]
  resources:
  - nodes
  - services
  - endpoints
  - pods
  - nodes/proxy
  verbs: ["get", "list", "watch"]
- apiGroups: [""]
  resources:
  - configmaps
  verbs: ["get"]
- nonResourceURLs: ["/metrics"]
  verbs: ["get"]
---


apiVersion: rbac.authorization.k8s.io/v1
kind: ClusterRoleBinding
metadata:
  name: prometheus-istio-system
  labels:
    app: prometheus
    release: istio
roleRef:
  apiGroup: rbac.authorization.k8s.io
  kind: ClusterRole
  name: prometheus-istio-system
subjects:
- kind: ServiceAccount
  name: prometheus
  namespace: istio-system
---


apiVersion: v1
kind: ConfigMap
metadata:
  name: prometheus
  namespace: istio-system
  labels:
    app: prometheus
    release: istio
data:
  prometheus.yml: |-
    global:
      scrape_interval: 15s
    scrape_configs:

    # Mixer scrapping. Defaults to Prometheus and mixer on same namespace.
    #
    - job_name: 'istio-mesh'
      kubernetes_sd_configs:
      - role: endpoints
        namespaces:
          names:
          - istio-system
      relabel_configs:
      - source_labels: [__meta_kubernetes_service_name, __meta_kubernetes_endpoint_port_name]
        action: keep
        regex: istio-telemetry;prometheus

    # Scrape config for envoy stats
    - job_name: 'envoy-stats'
      metrics_path: /stats/prometheus
      kubernetes_sd_configs:
      - role: pod

      relabel_configs:
      - source_labels: [__meta_kubernetes_pod_container_port_name]
        action: keep
        regex: '.*-envoy-prom'
      - source_labels: [__address__, __meta_kubernetes_pod_annotation_prometheus_io_port]
        action: replace
        regex: ([^:]+)(?::\d+)?;(\d+)
        replacement: $1:15090
        target_label: __address__
      - action: labeldrop
        regex: __meta_kubernetes_pod_label_(.+)
      - source_labels: [__meta_kubernetes_namespace]
        action: replace
        target_label: namespace
      - source_labels: [__meta_kubernetes_pod_name]
        action: replace
        target_label: pod_name

    - job_name: 'istio-policy'
      kubernetes_sd_configs:
      - role: endpoints
        namespaces:
          names:
          - istio-system


      relabel_configs:
      - source_labels: [__meta_kubernetes_service_name, __meta_kubernetes_endpoint_port_name]
        action: keep
        regex: istio-policy;http-policy-monitoring

    - job_name: 'istio-telemetry'
      kubernetes_sd_configs:
      - role: endpoints
        namespaces:
          names:
          - istio-system

      relabel_configs:
      - source_labels: [__meta_kubernetes_service_name, __meta_kubernetes_endpoint_port_name]
        action: keep
        regex: istio-telemetry;http-monitoring

    - job_name: 'pilot'
      kubernetes_sd_configs:
      - role: endpoints
        namespaces:
          names:
          - istio-system

      relabel_configs:
      - source_labels: [__meta_kubernetes_service_name, __meta_kubernetes_endpoint_port_name]
        action: keep
        regex: istio-pilot;http-monitoring

    - job_name: 'galley'
      kubernetes_sd_configs:
      - role: endpoints
        namespaces:
          names:
          - istio-system

      relabel_configs:
      - source_labels: [__meta_kubernetes_service_name, __meta_kubernetes_endpoint_port_name]
        action: keep
        regex: istio-galley;http-monitoring

    - job_name: 'citadel'
      kubernetes_sd_configs:
      - role: endpoints
        namespaces:
          names:
          - istio-system

      relabel_configs:
      - source_labels: [__meta_kubernetes_service_name, __meta_kubernetes_endpoint_port_name]
        action: keep
        regex: istio-citadel;http-monitoring

    - job_name: 'sidecar-injector'

      kubernetes_sd_configs:
      - role: endpoints
        namespaces:
          names:
          - istio-system

      relabel_configs:
      - source_labels: [__meta_kubernetes_service_name, __meta_kubernetes_endpoint_port_name]
        action: keep
        regex: istio-sidecar-injector;http-monitoring

    # scrape config for API servers
    - job_name: 'kubernetes-apiservers'
      kubernetes_sd_configs:
      - role: endpoints
        namespaces:
          names:
          - default
      scheme: https
      tls_config:
        ca_file: /var/run/secrets/kubernetes.io/serviceaccount/ca.crt
      bearer_token_file: /var/run/secrets/kubernetes.io/serviceaccount/token
      relabel_configs:
      - source_labels: [__meta_kubernetes_service_name, __meta_kubernetes_endpoint_port_name]
        action: keep
        regex: kubernetes;https

    # scrape config for nodes (kubelet)
    - job_name: 'kubernetes-nodes'
      scheme: https
      tls_config:
        ca_file: /var/run/secrets/kubernetes.io/serviceaccount/ca.crt
      bearer_token_file: /var/run/secrets/kubernetes.io/serviceaccount/token
      kubernetes_sd_configs:
      - role: node
      relabel_configs:
      - action: labelmap
        regex: __meta_kubernetes_node_label_(.+)
      - target_label: __address__
        replacement: kubernetes.default.svc:443
      - source_labels: [__meta_kubernetes_node_name]
        regex: (.+)
        target_label: __metrics_path__
        replacement: /api/v1/nodes/${1}/proxy/metrics

    # Scrape config for Kubelet cAdvisor.
    #
    # This is required for Kubernetes 1.7.3 and later, where cAdvisor metrics
    # (those whose names begin with 'container_') have been removed from the
    # Kubelet metrics endpoint.  This job scrapes the cAdvisor endpoint to
    # retrieve those metrics.
    #
    # In Kubernetes 1.7.0-1.7.2, these metrics are only exposed on the cAdvisor
    # HTTP endpoint; use "replacement: /api/v1/nodes/${1}:4194/proxy/metrics"
    # in that case (and ensure cAdvisor's HTTP server hasn't been disabled with
    # the --cadvisor-port=0 Kubelet flag).
    #
    # This job is not necessary and should be removed in Kubernetes 1.6 and
    # earlier versions, or it will cause the metrics to be scraped twice.
    - job_name: 'kubernetes-cadvisor'
      scheme: https
      tls_config:
        ca_file: /var/run/secrets/kubernetes.io/serviceaccount/ca.crt
      bearer_token_file: /var/run/secrets/kubernetes.io/serviceaccount/token
      kubernetes_sd_configs:
      - role: node
      relabel_configs:
      - action: labelmap
        regex: __meta_kubernetes_node_label_(.+)
      - target_label: __address__
        replacement: kubernetes.default.svc:443
      - source_labels: [__meta_kubernetes_node_name]
        regex: (.+)
        target_label: __metrics_path__
        replacement: /api/v1/nodes/${1}/proxy/metrics/cadvisor

    # scrape config for service endpoints.
    - job_name: 'kubernetes-service-endpoints'
      kubernetes_sd_configs:
      - role: endpoints
      relabel_configs:
      - source_labels: [__meta_kubernetes_service_annotation_prometheus_io_scrape]
        action: keep
        regex: true
      - source_labels: [__meta_kubernetes_service_annotation_prometheus_io_scheme]
        action: replace
        target_label: __scheme__
        regex: (https?)
      - source_labels: [__meta_kubernetes_service_annotation_prometheus_io_path]
        action: replace
        target_label: __metrics_path__
        regex: (.+)
      - source_labels: [__address__, __meta_kubernetes_service_annotation_prometheus_io_port]
        action: replace
        target_label: __address__
        regex: ([^:]+)(?::\d+)?;(\d+)
        replacement: $1:$2
      - action: labelmap
        regex: __meta_kubernetes_service_label_(.+)
      - source_labels: [__meta_kubernetes_namespace]
        action: replace
        target_label: kubernetes_namespace
      - source_labels: [__meta_kubernetes_service_name]
        action: replace
        target_label: kubernetes_name

    - job_name: 'kubernetes-pods'
      kubernetes_sd_configs:
      - role: pod
      relabel_configs:  # If first two labels are present, pod should be scraped  by the istio-secure job.
      - source_labels: [__meta_kubernetes_pod_annotation_prometheus_io_scrape]
        action: keep
        regex: true
      - source_labels: [__meta_kubernetes_pod_annotation_sidecar_istio_io_status]
        action: drop
        regex: (.+)
      - source_labels: [__meta_kubernetes_pod_annotation_istio_mtls]
        action: drop
        regex: (true)
      - source_labels: [__meta_kubernetes_pod_annotation_prometheus_io_path]
        action: replace
        target_label: __metrics_path__
        regex: (.+)
      - source_labels: [__address__, __meta_kubernetes_pod_annotation_prometheus_io_port]
        action: replace
        regex: ([^:]+)(?::\d+)?;(\d+)
        replacement: $1:$2
        target_label: __address__
      - action: labelmap
        regex: __meta_kubernetes_pod_label_(.+)
      - source_labels: [__meta_kubernetes_namespace]
        action: replace
        target_label: namespace
      - source_labels: [__meta_kubernetes_pod_name]
        action: replace
        target_label: pod_name
---


apiVersion: apps/v1
kind: Deployment
metadata:
  name: prometheus
  namespace: istio-system
  labels:
    app: prometheus
    release: istio
spec:
  replicas: 1
  selector:
    matchLabels:
      app: prometheus
  template:
    metadata:
      labels:
        app: prometheus
        release: istio
      annotations:
        sidecar.istio.io/inject: "false"
    spec:
      serviceAccountName: prometheus
      containers:
        - name: prometheus
          image: "docker.io/prom/prometheus:v2.15.1"
          args:
            - '--storage.tsdb.retention=6h'
            - '--config.file=/etc/prometheus/prometheus.yml'
          ports:
            - containerPort: 9090
              name: http
          livenessProbe:
            httpGet:
              path: /-/healthy
              port: 9090
          readinessProbe:
            httpGet:
              path: /-/ready
              port: 9090
          resources:
            requests:
              cpu: 10m
            
          volumeMounts:
          - name: config-volume
            mountPath: /etc/prometheus
          - mountPath: /etc/istio-certs
            name: istio-certs
        - name: istio-proxy
          image: "gcr.io/istio-testing/proxyv2:latest"
          ports:
            - containerPort: 15090
              protocol: TCP
              name: http-envoy-prom
          args:
            - proxy
            - sidecar
            - --domain
            - $(POD_NAMESPACE).svc.cluster.local
            - --configPath
            - "/etc/istio/proxy"
            - --binaryPath
            - "/usr/local/bin/envoy"
            - --serviceCluster
            - "istio-proxy-prometheus"
            - --proxyLogLevel=warning
            - --proxyComponentLogLevel=misc:error
            - --proxyAdminPort
            - "15000"
            - --controlPlaneAuthPolicy
            - NONE
            - --statusPort
            - "15020"
            - --trust-domain=cluster.local
            - --controlPlaneBootstrap=false
          env:
            - name: OUTPUT_KEY_CERT_TO_DIRECTORY
              value: "/etc/istio-certs"
            - name: JWT_POLICY
              value: third-party-jwt
            - name: PILOT_CERT_PROVIDER
              value: istiod
            # Temp, pending PR to make it default or based on the istiodAddr env
            - name: CA_ADDR
              value: istiod.istio-system.svc:15012
            - name: POD_NAME
              valueFrom:
                fieldRef:
                  fieldPath: metadata.name
            - name: POD_NAMESPACE
              valueFrom:
                fieldRef:
                  fieldPath: metadata.namespace
            - name: INSTANCE_IP
              valueFrom:
                fieldRef:
                  fieldPath: status.podIP
            - name: SERVICE_ACCOUNT
              valueFrom:
                fieldRef:
                  fieldPath: spec.serviceAccountName
            - name: HOST_IP
              valueFrom:
                fieldRef:
                  fieldPath: status.hostIP
            - name: ISTIO_META_POD_NAME
              valueFrom:
                fieldRef:
                  fieldPath: metadata.name
            - name: ISTIO_META_CONFIG_NAMESPACE
              valueFrom:
                fieldRef:
                  fieldPath: metadata.namespace
            - name: ISTIO_META_MESH_ID
              value: "cluster.local"
          imagePullPolicy: Always
          readinessProbe:
            failureThreshold: 30
            httpGet:
              path: /healthz/ready
              port: 15020
              scheme: HTTP
            initialDelaySeconds: 1
            periodSeconds: 2
            successThreshold: 1
            timeoutSeconds: 1
          volumeMounts:
            - mountPath: /var/run/secrets/istio
              name: istiod-ca-cert
            - mountPath: /etc/istio/proxy
              name: istio-envoy
            - mountPath: /var/run/secrets/tokens
              name: istio-token
            - mountPath: /etc/istio-certs/
              name: istio-certs
            - name: istio-config-volume
              mountPath: /etc/istio/config

      volumes:
      - name: istio-config-volume
        configMap:
          name: istio
          optional: true
      - name: config-volume
        configMap:
          name: prometheus
      - name: istio-certs
        emptyDir:
          medium: Memory
      - emptyDir:
          medium: Memory
        name: istio-envoy
      - name: istio-token
        projected:
          defaultMode: 420
          sources:
            - serviceAccountToken:
                path: istio-token
                expirationSeconds: 43200
                audience: istio-ca
      - name: istiod-ca-cert
        configMap:
          defaultMode: 420
          name: istio-ca-root-cert

      affinity:      
        nodeAffinity:
          requiredDuringSchedulingIgnoredDuringExecution:
            nodeSelectorTerms:
            - matchExpressions:
              - key: beta.kubernetes.io/arch
                operator: In
                values:
                - "amd64"
                - "ppc64le"
                - "s390x"
          preferredDuringSchedulingIgnoredDuringExecution:
          - weight: 2
            preference:
              matchExpressions:
              - key: beta.kubernetes.io/arch
                operator: In
                values:
                - "amd64"
          - weight: 2
            preference:
              matchExpressions:
              - key: beta.kubernetes.io/arch
                operator: In
                values:
                - "ppc64le"
          - weight: 2
            preference:
              matchExpressions:
              - key: beta.kubernetes.io/arch
                operator: In
                values:
                - "s390x"
---


apiVersion: v1
kind: Service
metadata:
  name: prometheus
  namespace: istio-system
  annotations:
    prometheus.io/scrape: 'true'
  labels:
    app: prometheus
    release: istio
spec:
  selector:
    app: prometheus
  ports:
  - name: http-prometheus
    protocol: TCP
    port: 9090
---


apiVersion: v1
kind: ServiceAccount
metadata:
  name: prometheus
  namespace: istio-system
  labels:
    app: prometheus
    release: istio
---

---
# AddonComponents istio-tracing component is disabled.

# Base component is disabled.

# Citadel component is disabled.

# Cni component is disabled.

# EgressGateways istio-egressgateway component is disabled.

# Galley component is disabled.

# IngressGateways istio-ingressgateway component is disabled.

---
# Resources for IngressGateways component

apiVersion: autoscaling/v2beta1
kind: HorizontalPodAutoscaler
metadata:
  name: istio-ingressgateway
  namespace: istio-ingress-ns
  labels:
    app: istio-ingressgateway
    istio: ingressgateway
    
    release: istio
spec:
  maxReplicas: 5
  minReplicas: 1
  scaleTargetRef:
    apiVersion: apps/v1
    kind: Deployment
    name: istio-ingressgateway
  metrics:
    - type: Resource
      resource:
        name: cpu
        targetAverageUtilization: 80
---


apiVersion: apps/v1
kind: Deployment
metadata:
  labels:
    app: istio-ingressgateway
    istio: ingressgateway
    release: istio
  name: istio-ingressgateway
  namespace: istio-ingress-ns
spec:
  selector:
    matchLabels:
      app: istio-ingressgateway
      istio: ingressgateway
  strategy:
    rollingUpdate:
      maxSurge: 100%
      maxUnavailable: 25%
  template:
    metadata:
      annotations:
        sidecar.istio.io/inject: "false"
      labels:
        app: istio-ingressgateway
        istio: ingressgateway
        service.istio.io/canonical-name: istio-ingressgateway
        service.istio.io/canonical-revision: latest
    spec:
      affinity:
        nodeAffinity:
          preferredDuringSchedulingIgnoredDuringExecution:
          - preference:
              matchExpressions:
              - key: beta.kubernetes.io/arch
                operator: In
                values:
                - amd64
            weight: 2
          - preference:
              matchExpressions:
              - key: beta.kubernetes.io/arch
                operator: In
                values:
                - ppc64le
            weight: 2
          - preference:
              matchExpressions:
              - key: beta.kubernetes.io/arch
                operator: In
                values:
                - s390x
            weight: 2
          requiredDuringSchedulingIgnoredDuringExecution:
            nodeSelectorTerms:
            - matchExpressions:
              - key: beta.kubernetes.io/arch
                operator: In
                values:
                - amd64
                - ppc64le
                - s390x
      containers:
      - args:
        - proxy
        - router
        - --domain
        - $(POD_NAMESPACE).svc.cluster.local
        - --proxyLogLevel=warning
        - --proxyComponentLogLevel=misc:error
        - --log_output_level=default:info
        - --serviceCluster
        - istio-ingressgateway
        - --proxyAdminPort
        - "15000"
        - --statusPort
        - "15020"
        - --controlPlaneAuthPolicy
        - NONE
        - --trust-domain=cluster.local
        env:
        - name: JWT_POLICY
          value: third-party-jwt
        - name: PILOT_CERT_PROVIDER
          value: istiod
        - name: ISTIO_META_USER_SDS
          value: "true"
        - name: CA_ADDR
          value: istiod.istio-system.svc:15012
        - name: NODE_NAME
          valueFrom:
            fieldRef:
              apiVersion: v1
              fieldPath: spec.nodeName
        - name: POD_NAME
          valueFrom:
            fieldRef:
              apiVersion: v1
              fieldPath: metadata.name
        - name: POD_NAMESPACE
          valueFrom:
            fieldRef:
              apiVersion: v1
              fieldPath: metadata.namespace
        - name: INSTANCE_IP
          valueFrom:
            fieldRef:
              apiVersion: v1
              fieldPath: status.podIP
        - name: HOST_IP
          valueFrom:
            fieldRef:
              apiVersion: v1
              fieldPath: status.hostIP
        - name: SERVICE_ACCOUNT
          valueFrom:
            fieldRef:
              fieldPath: spec.serviceAccountName
        - name: ISTIO_META_WORKLOAD_NAME
          value: istio-ingressgateway
        - name: ISTIO_META_OWNER
          value: kubernetes://apis/apps/v1/namespaces/istio-ingress-ns/deployments/istio-ingressgateway
        - name: ISTIO_META_MESH_ID
          value: cluster.local
        - name: ISTIO_AUTO_MTLS_ENABLED
          value: "true"
        - name: ISTIO_META_POD_NAME
          valueFrom:
            fieldRef:
              apiVersion: v1
              fieldPath: metadata.name
        - name: ISTIO_META_CONFIG_NAMESPACE
          valueFrom:
            fieldRef:
              fieldPath: metadata.namespace
        - name: ISTIO_META_ROUTER_MODE
          value: sni-dnat
        - name: ISTIO_META_CLUSTER_ID
          value: Kubernetes
        image: gcr.io/istio-testing/proxyv2:latest
        name: istio-proxy
        ports:
        - containerPort: 15020
        - containerPort: 8080
        - containerPort: 8443
        - containerPort: 15029
        - containerPort: 15030
        - containerPort: 15031
        - containerPort: 15032
        - containerPort: 15443
        - containerPort: 15011
        - containerPort: 8060
        - containerPort: 853
        - containerPort: 15090
          name: http-envoy-prom
          protocol: TCP
        readinessProbe:
          failureThreshold: 30
          httpGet:
            path: /healthz/ready
            port: 15020
            scheme: HTTP
          initialDelaySeconds: 1
          periodSeconds: 2
          successThreshold: 1
          timeoutSeconds: 1
        resources:
          limits:
            cpu: 2000m
            memory: 1024Mi
          requests:
            cpu: 111m
            memory: 222Mi
        volumeMounts:
        - mountPath: /etc/istio/config
          name: config-volume
        - mountPath: /var/run/secrets/istio
          name: istiod-ca-cert
        - mountPath: /var/run/secrets/tokens
          name: istio-token
          readOnly: true
        - mountPath: /var/run/ingress_gateway
          name: ingressgatewaysdsudspath
        - mountPath: /etc/istio/pod
          name: podinfo
        - mountPath: /etc/istio/ingressgateway-certs
          name: ingressgateway-certs
          readOnly: true
        - mountPath: /etc/istio/ingressgateway-ca-certs
          name: ingressgateway-ca-certs
          readOnly: true
      serviceAccountName: istio-ingressgateway-service-account
      volumes:
      - configMap:
          name: istio-ca-root-cert
        name: istiod-ca-cert
      - downwardAPI:
          items:
          - fieldRef:
              fieldPath: metadata.labels
            path: labels
          - fieldRef:
              fieldPath: metadata.annotations
            path: annotations
        name: podinfo
      - emptyDir: {}
        name: ingressgatewaysdsudspath
      - name: istio-token
        projected:
          sources:
          - serviceAccountToken:
              audience: istio-ca
              expirationSeconds: 43200
              path: istio-token
      - configMap:
          name: istio
          optional: true
        name: config-volume
      - name: ingressgateway-certs
        secret:
          optional: true
          secretName: istio-ingressgateway-certs
      - name: ingressgateway-ca-certs
        secret:
          optional: true
          secretName: istio-ingressgateway-ca-certs

---


apiVersion: networking.istio.io/v1alpha3
kind: Gateway
metadata:
  name: ingressgateway
  namespace: istio-ingress-ns
  labels:
    release: istio
spec:
  selector:
    istio: ingressgateway
  servers:
  - port:
      number: 80
      name: http
      protocol: HTTP
    hosts:
      - "*"
    # Additional ports in gateaway for the ingressPorts - apps using dedicated port instead of hostname
---


apiVersion: policy/v1beta1
kind: PodDisruptionBudget
metadata:
  name: ingressgateway
  namespace: istio-ingress-ns
  labels:
    app: istio-ingressgateway
    istio: ingressgateway
    
    release: istio
spec:
  minAvailable: 1
  selector:
    matchLabels:
      app: istio-ingressgateway
      istio: ingressgateway
      
      release: istio
---


apiVersion: rbac.authorization.k8s.io/v1
kind: Role
metadata:
  name: istio-ingressgateway-sds
  namespace: istio-ingress-ns
  labels:
    release: istio
rules:
- apiGroups: [""]
  resources: ["secrets"]
  verbs: ["get", "watch", "list"]
---


apiVersion: rbac.authorization.k8s.io/v1
kind: RoleBinding
metadata:
  name: istio-ingressgateway-sds
  namespace: istio-ingress-ns
  labels:
    release: istio
roleRef:
  apiGroup: rbac.authorization.k8s.io
  kind: Role
  name: istio-ingressgateway-sds
subjects:
- kind: ServiceAccount
  name: istio-ingressgateway-service-account
---


apiVersion: v1
kind: Service
metadata:
  name: istio-ingressgateway
  namespace: istio-ingress-ns
  annotations:
  labels:
    app: istio-ingressgateway
    istio: ingressgateway
    
    release: istio
spec:
  type: LoadBalancer
  selector:
    app: istio-ingressgateway
    istio: ingressgateway
    
  ports:
    -
      name: status-port
      port: 15020
      targetPort: 15020
    -
      name: http2
      port: 80
      targetPort: 8080
    -
      name: https
      port: 443
      targetPort: 8443
    -
      name: kiali
      port: 15029
      targetPort: 15029
    -
      name: prometheus
      port: 15030
      targetPort: 15030
    -
      name: grafana
      port: 15031
      targetPort: 15031
    -
      name: tracing
      port: 15032
      targetPort: 15032
    -
      name: tls
      port: 15443
      targetPort: 15443
---


apiVersion: v1
kind: ServiceAccount
metadata:
  name: istio-ingressgateway-service-account
  namespace: istio-ingress-ns
  labels:
    app: istio-ingressgateway
    istio: ingressgateway
    
    release: istio
---


apiVersion: networking.istio.io/v1alpha3
kind: Sidecar
metadata:
  name: default
  namespace: istio-ingress-ns
  labels:
    release: istio
spec:
  egress:
    - hosts:
        - "*/*"
---

# Pilot istiod component is disabled.

# Policy component is disabled.

# Telemetry component is disabled.

