apiVersion: install.istio.io/v1alpha1
kind: IstioOperator
metadata:
  creationTimestamp: null
spec:
  components:
    ingressGateways:
    - enabled: true
      k8s:
        nodeSelector:
          scalers.istio: dedicated
        tolerations:
        - effect: NoSchedule
          key: scalers.istio
          operator: Equal
          value: dedicated
      name: istio-ingressgateway
    pilot:
      k8s:
        nodeSelector:
          scalers.istio: dedicated
        tolerations:
        - effect: NoSchedule
          key: scalers.istio
          operator: Equal
          value: dedicated
    policy:
      enabled: false
    telemetry:
      enabled: false
  values:
    gateways:
      istio-ingressgateway:
        autoscaleMax: 20
        autoscaleMin: 20
        podAntiAffinityTermLabelSelector:
        - key: istio
          operator: In
          topologyKey: kubernetes.io/hostname
          values: ingressgateway
    pilot:
      autoscaleMax: 20
      autoscaleMin: 20
      podAntiAffinityTermLabelSelector:
      - key: istio
        operator: In
        topologyKey: kubernetes.io/hostname
        values: pilot

