apiVersion: networking.istio.io/v1alpha3
kind: Gateway
metadata:
  creationTimestamp: null
  name: gateway-istio-autogenerated-k8s-gateway
  namespace: istio-system
spec:
  selector:
    istio: ingressgateway
  servers:
  - hosts:
    - my.domain.example
    port:
      name: http-80-gateway-gateway-istio-system
      number: 80
      protocol: http
---
apiVersion: networking.istio.io/v1alpha3
kind: VirtualService
metadata:
  creationTimestamp: null
  name: http-istio-autogenerated-k8s-gateway
  namespace: istio-system
spec:
  gateways:
  - gateway-istio-autogenerated-k8s-gateway
  hosts:
  - my.domain.example
  http:
  - headers:
      request:
        add:
          my-added-header: added-value
        remove:
        - my-removed-header
    match:
    - headers:
        my-header:
          exact: some-value
      uri:
        prefix: /get
    route:
    - destination:
        host: httpbin.istio-system.svc.cluster.local
---
